// Jest Snapshot v1, https://goo.gl/fbAQLP

exports[`ProductSegment component it matches snapshot 1`] = `
initialize {
  "0": Object {
    "attribs": Object {
      "class": "product-segment--container ant-layout-content",
    },
    "children": Array [
      Object {
        "attribs": Object {
          "class": "ant-card card-shadow ant-card-bordered",
        },
        "children": Array [
          Object {
            "attribs": Object {
              "class": "ant-card-body",
            },
            "children": Array [
              Object {
                "attribs": Object {
                  "class": "ant-row",
                },
                "children": Array [
                  Object {
                    "attribs": Object {
                      "class": "ant-skeleton ant-skeleton-active",
                    },
                    "children": Array [
                      Object {
                        "attribs": Object {
                          "class": "ant-skeleton-content",
                        },
                        "children": Array [
                          Object {
                            "attribs": Object {
                              "class": "ant-skeleton-title",
                              "style": "width:38%",
                            },
                            "children": Array [],
                            "name": "h3",
                            "namespace": "http://www.w3.org/1999/xhtml",
                            "next": Object {
                              "attribs": Object {
                                "class": "ant-skeleton-paragraph",
                              },
                              "children": Array [
                                Object {
                                  "attribs": Object {},
                                  "children": Array [],
                                  "name": "li",
                                  "namespace": "http://www.w3.org/1999/xhtml",
                                  "next": Object {
                                    "attribs": Object {},
                                    "children": Array [],
                                    "name": "li",
                                    "namespace": "http://www.w3.org/1999/xhtml",
                                    "next": Object {
                                      "attribs": Object {},
                                      "children": Array [],
                                      "name": "li",
                                      "namespace": "http://www.w3.org/1999/xhtml",
                                      "next": Object {
                                        "attribs": Object {},
                                        "children": Array [],
                                        "name": "li",
                                        "namespace": "http://www.w3.org/1999/xhtml",
                                        "next": Object {
                                          "attribs": Object {},
                                          "children": Array [],
                                          "name": "li",
                                          "namespace": "http://www.w3.org/1999/xhtml",
                                          "next": Object {
                                            "attribs": Object {
                                              "style": "width:61%",
                                            },
                                            "children": Array [],
                                            "name": "li",
                                            "namespace": "http://www.w3.org/1999/xhtml",
                                            "next": null,
                                            "parent": [Circular],
                                            "prev": [Circular],
                                            "type": "tag",
                                            "x-attribsNamespace": Object {
                                              "style": undefined,
                                            },
                                            "x-attribsPrefix": Object {
                                              "style": undefined,
                                            },
                                          },
                                          "parent": [Circular],
                                          "prev": [Circular],
                                          "type": "tag",
                                          "x-attribsNamespace": Object {},
                                          "x-attribsPrefix": Object {},
                                        },
                                        "parent": [Circular],
                                        "prev": [Circular],
                                        "type": "tag",
                                        "x-attribsNamespace": Object {},
                                        "x-attribsPrefix": Object {},
                                      },
                                      "parent": [Circular],
                                      "prev": [Circular],
                                      "type": "tag",
                                      "x-attribsNamespace": Object {},
                                      "x-attribsPrefix": Object {},
                                    },
                                    "parent": [Circular],
                                    "prev": [Circular],
                                    "type": "tag",
                                    "x-attribsNamespace": Object {},
                                    "x-attribsPrefix": Object {},
                                  },
                                  "parent": [Circular],
                                  "prev": null,
                                  "type": "tag",
                                  "x-attribsNamespace": Object {},
                                  "x-attribsPrefix": Object {},
                                },
                                Object {
                                  "attribs": Object {},
                                  "children": Array [],
                                  "name": "li",
                                  "namespace": "http://www.w3.org/1999/xhtml",
                                  "next": Object {
                                    "attribs": Object {},
                                    "children": Array [],
                                    "name": "li",
                                    "namespace": "http://www.w3.org/1999/xhtml",
                                    "next": Object {
                                      "attribs": Object {},
                                      "children": Array [],
                                      "name": "li",
                                      "namespace": "http://www.w3.org/1999/xhtml",
                                      "next": Object {
                                        "attribs": Object {},
                                        "children": Array [],
                                        "name": "li",
                                        "namespace": "http://www.w3.org/1999/xhtml",
                                        "next": Object {
                                          "attribs": Object {
                                            "style": "width:61%",
                                          },
                                          "children": Array [],
                                          "name": "li",
                                          "namespace": "http://www.w3.org/1999/xhtml",
                                          "next": null,
                                          "parent": [Circular],
                                          "prev": [Circular],
                                          "type": "tag",
                                          "x-attribsNamespace": Object {
                                            "style": undefined,
                                          },
                                          "x-attribsPrefix": Object {
                                            "style": undefined,
                                          },
                                        },
                                        "parent": [Circular],
                                        "prev": [Circular],
                                        "type": "tag",
                                        "x-attribsNamespace": Object {},
                                        "x-attribsPrefix": Object {},
                                      },
                                      "parent": [Circular],
                                      "prev": [Circular],
                                      "type": "tag",
                                      "x-attribsNamespace": Object {},
                                      "x-attribsPrefix": Object {},
                                    },
                                    "parent": [Circular],
                                    "prev": [Circular],
                                    "type": "tag",
                                    "x-attribsNamespace": Object {},
                                    "x-attribsPrefix": Object {},
                                  },
                                  "parent": [Circular],
                                  "prev": Object {
                                    "attribs": Object {},
                                    "children": Array [],
                                    "name": "li",
                                    "namespace": "http://www.w3.org/1999/xhtml",
                                    "next": [Circular],
                                    "parent": [Circular],
                                    "prev": null,
                                    "type": "tag",
                                    "x-attribsNamespace": Object {},
                                    "x-attribsPrefix": Object {},
                                  },
                                  "type": "tag",
                                  "x-attribsNamespace": Object {},
                                  "x-attribsPrefix": Object {},
                                },
                                Object {
                                  "attribs": Object {},
                                  "children": Array [],
                                  "name": "li",
                                  "namespace": "http://www.w3.org/1999/xhtml",
                                  "next": Object {
                                    "attribs": Object {},
                                    "children": Array [],
                                    "name": "li",
                                    "namespace": "http://www.w3.org/1999/xhtml",
                                    "next": Object {
                                      "attribs": Object {},
                                      "children": Array [],
                                      "name": "li",
                                      "namespace": "http://www.w3.org/1999/xhtml",
                                      "next": Object {
                                        "attribs": Object {
                                          "style": "width:61%",
                                        },
                                        "children": Array [],
                                        "name": "li",
                                        "namespace": "http://www.w3.org/1999/xhtml",
                                        "next": null,
                                        "parent": [Circular],
                                        "prev": [Circular],
                                        "type": "tag",
                                        "x-attribsNamespace": Object {
                                          "style": undefined,
                                        },
                                        "x-attribsPrefix": Object {
                                          "style": undefined,
                                        },
                                      },
                                      "parent": [Circular],
                                      "prev": [Circular],
                                      "type": "tag",
                                      "x-attribsNamespace": Object {},
                                      "x-attribsPrefix": Object {},
                                    },
                                    "parent": [Circular],
                                    "prev": [Circular],
                                    "type": "tag",
                                    "x-attribsNamespace": Object {},
                                    "x-attribsPrefix": Object {},
                                  },
                                  "parent": [Circular],
                                  "prev": Object {
                                    "attribs": Object {},
                                    "children": Array [],
                                    "name": "li",
                                    "namespace": "http://www.w3.org/1999/xhtml",
                                    "next": [Circular],
                                    "parent": [Circular],
                                    "prev": Object {
                                      "attribs": Object {},
                                      "children": Array [],
                                      "name": "li",
                                      "namespace": "http://www.w3.org/1999/xhtml",
                                      "next": [Circular],
                                      "parent": [Circular],
                                      "prev": null,
                                      "type": "tag",
                                      "x-attribsNamespace": Object {},
                                      "x-attribsPrefix": Object {},
                                    },
                                    "type": "tag",
                                    "x-attribsNamespace": Object {},
                                    "x-attribsPrefix": Object {},
                                  },
                                  "type": "tag",
                                  "x-attribsNamespace": Object {},
                                  "x-attribsPrefix": Object {},
                                },
                                Object {
                                  "attribs": Object {},
                                  "children": Array [],
                                  "name": "li",
                                  "namespace": "http://www.w3.org/1999/xhtml",
                                  "next": Object {
                                    "attribs": Object {},
                                    "children": Array [],
                                    "name": "li",
                                    "namespace": "http://www.w3.org/1999/xhtml",
                                    "next": Object {
                                      "attribs": Object {
                                        "style": "width:61%",
                                      },
                                      "children": Array [],
                                      "name": "li",
                                      "namespace": "http://www.w3.org/1999/xhtml",
                                      "next": null,
                                      "parent": [Circular],
                                      "prev": [Circular],
                                      "type": "tag",
                                      "x-attribsNamespace": Object {
                                        "style": undefined,
                                      },
                                      "x-attribsPrefix": Object {
                                        "style": undefined,
                                      },
                                    },
                                    "parent": [Circular],
                                    "prev": [Circular],
                                    "type": "tag",
                                    "x-attribsNamespace": Object {},
                                    "x-attribsPrefix": Object {},
                                  },
                                  "parent": [Circular],
                                  "prev": Object {
                                    "attribs": Object {},
                                    "children": Array [],
                                    "name": "li",
                                    "namespace": "http://www.w3.org/1999/xhtml",
                                    "next": [Circular],
                                    "parent": [Circular],
                                    "prev": Object {
                                      "attribs": Object {},
                                      "children": Array [],
                                      "name": "li",
                                      "namespace": "http://www.w3.org/1999/xhtml",
                                      "next": [Circular],
                                      "parent": [Circular],
                                      "prev": Object {
                                        "attribs": Object {},
                                        "children": Array [],
                                        "name": "li",
                                        "namespace": "http://www.w3.org/1999/xhtml",
                                        "next": [Circular],
                                        "parent": [Circular],
                                        "prev": null,
                                        "type": "tag",
                                        "x-attribsNamespace": Object {},
                                        "x-attribsPrefix": Object {},
                                      },
                                      "type": "tag",
                                      "x-attribsNamespace": Object {},
                                      "x-attribsPrefix": Object {},
                                    },
                                    "type": "tag",
                                    "x-attribsNamespace": Object {},
                                    "x-attribsPrefix": Object {},
                                  },
                                  "type": "tag",
                                  "x-attribsNamespace": Object {},
                                  "x-attribsPrefix": Object {},
                                },
                                Object {
                                  "attribs": Object {},
                                  "children": Array [],
                                  "name": "li",
                                  "namespace": "http://www.w3.org/1999/xhtml",
                                  "next": Object {
                                    "attribs": Object {
                                      "style": "width:61%",
                                    },
                                    "children": Array [],
                                    "name": "li",
                                    "namespace": "http://www.w3.org/1999/xhtml",
                                    "next": null,
                                    "parent": [Circular],
                                    "prev": [Circular],
                                    "type": "tag",
                                    "x-attribsNamespace": Object {
                                      "style": undefined,
                                    },
                                    "x-attribsPrefix": Object {
                                      "style": undefined,
                                    },
                                  },
                                  "parent": [Circular],
                                  "prev": Object {
                                    "attribs": Object {},
                                    "children": Array [],
                                    "name": "li",
                                    "namespace": "http://www.w3.org/1999/xhtml",
                                    "next": [Circular],
                                    "parent": [Circular],
                                    "prev": Object {
                                      "attribs": Object {},
                                      "children": Array [],
                                      "name": "li",
                                      "namespace": "http://www.w3.org/1999/xhtml",
                                      "next": [Circular],
                                      "parent": [Circular],
                                      "prev": Object {
                                        "attribs": Object {},
                                        "children": Array [],
                                        "name": "li",
                                        "namespace": "http://www.w3.org/1999/xhtml",
                                        "next": [Circular],
                                        "parent": [Circular],
                                        "prev": Object {
                                          "attribs": Object {},
                                          "children": Array [],
                                          "name": "li",
                                          "namespace": "http://www.w3.org/1999/xhtml",
                                          "next": [Circular],
                                          "parent": [Circular],
                                          "prev": null,
                                          "type": "tag",
                                          "x-attribsNamespace": Object {},
                                          "x-attribsPrefix": Object {},
                                        },
                                        "type": "tag",
                                        "x-attribsNamespace": Object {},
                                        "x-attribsPrefix": Object {},
                                      },
                                      "type": "tag",
                                      "x-attribsNamespace": Object {},
                                      "x-attribsPrefix": Object {},
                                    },
                                    "type": "tag",
                                    "x-attribsNamespace": Object {},
                                    "x-attribsPrefix": Object {},
                                  },
                                  "type": "tag",
                                  "x-attribsNamespace": Object {},
                                  "x-attribsPrefix": Object {},
                                },
                                Object {
                                  "attribs": Object {
                                    "style": "width:61%",
                                  },
                                  "children": Array [],
                                  "name": "li",
                                  "namespace": "http://www.w3.org/1999/xhtml",
                                  "next": null,
                                  "parent": [Circular],
                                  "prev": Object {
                                    "attribs": Object {},
                                    "children": Array [],
                                    "name": "li",
                                    "namespace": "http://www.w3.org/1999/xhtml",
                                    "next": [Circular],
                                    "parent": [Circular],
                                    "prev": Object {
                                      "attribs": Object {},
                                      "children": Array [],
                                      "name": "li",
                                      "namespace": "http://www.w3.org/1999/xhtml",
                                      "next": [Circular],
                                      "parent": [Circular],
                                      "prev": Object {
                                        "attribs": Object {},
                                        "children": Array [],
                                        "name": "li",
                                        "namespace": "http://www.w3.org/1999/xhtml",
                                        "next": [Circular],
                                        "parent": [Circular],
                                        "prev": Object {
                                          "attribs": Object {},
                                          "children": Array [],
                                          "name": "li",
                                          "namespace": "http://www.w3.org/1999/xhtml",
                                          "next": [Circular],
                                          "parent": [Circular],
                                          "prev": Object {
                                            "attribs": Object {},
                                            "children": Array [],
                                            "name": "li",
                                            "namespace": "http://www.w3.org/1999/xhtml",
                                            "next": [Circular],
                                            "parent": [Circular],
                                            "prev": null,
                                            "type": "tag",
                                            "x-attribsNamespace": Object {},
                                            "x-attribsPrefix": Object {},
                                          },
                                          "type": "tag",
                                          "x-attribsNamespace": Object {},
                                          "x-attribsPrefix": Object {},
                                        },
                                        "type": "tag",
                                        "x-attribsNamespace": Object {},
                                        "x-attribsPrefix": Object {},
                                      },
                                      "type": "tag",
                                      "x-attribsNamespace": Object {},
                                      "x-attribsPrefix": Object {},
                                    },
                                    "type": "tag",
                                    "x-attribsNamespace": Object {},
                                    "x-attribsPrefix": Object {},
                                  },
                                  "type": "tag",
                                  "x-attribsNamespace": Object {
                                    "style": undefined,
                                  },
                                  "x-attribsPrefix": Object {
                                    "style": undefined,
                                  },
                                },
                              ],
                              "name": "ul",
                              "namespace": "http://www.w3.org/1999/xhtml",
                              "next": null,
                              "parent": [Circular],
                              "prev": [Circular],
                              "type": "tag",
                              "x-attribsNamespace": Object {
                                "class": undefined,
                              },
                              "x-attribsPrefix": Object {
                                "class": undefined,
                              },
                            },
                            "parent": [Circular],
                            "prev": null,
                            "type": "tag",
                            "x-attribsNamespace": Object {
                              "class": undefined,
                              "style": undefined,
                            },
                            "x-attribsPrefix": Object {
                              "class": undefined,
                              "style": undefined,
                            },
                          },
                          Object {
                            "attribs": Object {
                              "class": "ant-skeleton-paragraph",
                            },
                            "children": Array [
                              Object {
                                "attribs": Object {},
                                "children": Array [],
                                "name": "li",
                                "namespace": "http://www.w3.org/1999/xhtml",
                                "next": Object {
                                  "attribs": Object {},
                                  "children": Array [],
                                  "name": "li",
                                  "namespace": "http://www.w3.org/1999/xhtml",
                                  "next": Object {
                                    "attribs": Object {},
                                    "children": Array [],
                                    "name": "li",
                                    "namespace": "http://www.w3.org/1999/xhtml",
                                    "next": Object {
                                      "attribs": Object {},
                                      "children": Array [],
                                      "name": "li",
                                      "namespace": "http://www.w3.org/1999/xhtml",
                                      "next": Object {
                                        "attribs": Object {},
                                        "children": Array [],
                                        "name": "li",
                                        "namespace": "http://www.w3.org/1999/xhtml",
                                        "next": Object {
                                          "attribs": Object {
                                            "style": "width:61%",
                                          },
                                          "children": Array [],
                                          "name": "li",
                                          "namespace": "http://www.w3.org/1999/xhtml",
                                          "next": null,
                                          "parent": [Circular],
                                          "prev": [Circular],
                                          "type": "tag",
                                          "x-attribsNamespace": Object {
                                            "style": undefined,
                                          },
                                          "x-attribsPrefix": Object {
                                            "style": undefined,
                                          },
                                        },
                                        "parent": [Circular],
                                        "prev": [Circular],
                                        "type": "tag",
                                        "x-attribsNamespace": Object {},
                                        "x-attribsPrefix": Object {},
                                      },
                                      "parent": [Circular],
                                      "prev": [Circular],
                                      "type": "tag",
                                      "x-attribsNamespace": Object {},
                                      "x-attribsPrefix": Object {},
                                    },
                                    "parent": [Circular],
                                    "prev": [Circular],
                                    "type": "tag",
                                    "x-attribsNamespace": Object {},
                                    "x-attribsPrefix": Object {},
                                  },
                                  "parent": [Circular],
                                  "prev": [Circular],
                                  "type": "tag",
                                  "x-attribsNamespace": Object {},
                                  "x-attribsPrefix": Object {},
                                },
                                "parent": [Circular],
                                "prev": null,
                                "type": "tag",
                                "x-attribsNamespace": Object {},
                                "x-attribsPrefix": Object {},
                              },
                              Object {
                                "attribs": Object {},
                                "children": Array [],
                                "name": "li",
                                "namespace": "http://www.w3.org/1999/xhtml",
                                "next": Object {
                                  "attribs": Object {},
                                  "children": Array [],
                                  "name": "li",
                                  "namespace": "http://www.w3.org/1999/xhtml",
                                  "next": Object {
                                    "attribs": Object {},
                                    "children": Array [],
                                    "name": "li",
                                    "namespace": "http://www.w3.org/1999/xhtml",
                                    "next": Object {
                                      "attribs": Object {},
                                      "children": Array [],
                                      "name": "li",
                                      "namespace": "http://www.w3.org/1999/xhtml",
                                      "next": Object {
                                        "attribs": Object {
                                          "style": "width:61%",
                                        },
                                        "children": Array [],
                                        "name": "li",
                                        "namespace": "http://www.w3.org/1999/xhtml",
                                        "next": null,
                                        "parent": [Circular],
                                        "prev": [Circular],
                                        "type": "tag",
                                        "x-attribsNamespace": Object {
                                          "style": undefined,
                                        },
                                        "x-attribsPrefix": Object {
                                          "style": undefined,
                                        },
                                      },
                                      "parent": [Circular],
                                      "prev": [Circular],
                                      "type": "tag",
                                      "x-attribsNamespace": Object {},
                                      "x-attribsPrefix": Object {},
                                    },
                                    "parent": [Circular],
                                    "prev": [Circular],
                                    "type": "tag",
                                    "x-attribsNamespace": Object {},
                                    "x-attribsPrefix": Object {},
                                  },
                                  "parent": [Circular],
                                  "prev": [Circular],
                                  "type": "tag",
                                  "x-attribsNamespace": Object {},
                                  "x-attribsPrefix": Object {},
                                },
                                "parent": [Circular],
                                "prev": Object {
                                  "attribs": Object {},
                                  "children": Array [],
                                  "name": "li",
                                  "namespace": "http://www.w3.org/1999/xhtml",
                                  "next": [Circular],
                                  "parent": [Circular],
                                  "prev": null,
                                  "type": "tag",
                                  "x-attribsNamespace": Object {},
                                  "x-attribsPrefix": Object {},
                                },
                                "type": "tag",
                                "x-attribsNamespace": Object {},
                                "x-attribsPrefix": Object {},
                              },
                              Object {
                                "attribs": Object {},
                                "children": Array [],
                                "name": "li",
                                "namespace": "http://www.w3.org/1999/xhtml",
                                "next": Object {
                                  "attribs": Object {},
                                  "children": Array [],
                                  "name": "li",
                                  "namespace": "http://www.w3.org/1999/xhtml",
                                  "next": Object {
                                    "attribs": Object {},
                                    "children": Array [],
                                    "name": "li",
                                    "namespace": "http://www.w3.org/1999/xhtml",
                                    "next": Object {
                                      "attribs": Object {
                                        "style": "width:61%",
                                      },
                                      "children": Array [],
                                      "name": "li",
                                      "namespace": "http://www.w3.org/1999/xhtml",
                                      "next": null,
                                      "parent": [Circular],
                                      "prev": [Circular],
                                      "type": "tag",
                                      "x-attribsNamespace": Object {
                                        "style": undefined,
                                      },
                                      "x-attribsPrefix": Object {
                                        "style": undefined,
                                      },
                                    },
                                    "parent": [Circular],
                                    "prev": [Circular],
                                    "type": "tag",
                                    "x-attribsNamespace": Object {},
                                    "x-attribsPrefix": Object {},
                                  },
                                  "parent": [Circular],
                                  "prev": [Circular],
                                  "type": "tag",
                                  "x-attribsNamespace": Object {},
                                  "x-attribsPrefix": Object {},
                                },
                                "parent": [Circular],
                                "prev": Object {
                                  "attribs": Object {},
                                  "children": Array [],
                                  "name": "li",
                                  "namespace": "http://www.w3.org/1999/xhtml",
                                  "next": [Circular],
                                  "parent": [Circular],
                                  "prev": Object {
                                    "attribs": Object {},
                                    "children": Array [],
                                    "name": "li",
                                    "namespace": "http://www.w3.org/1999/xhtml",
                                    "next": [Circular],
                                    "parent": [Circular],
                                    "prev": null,
                                    "type": "tag",
                                    "x-attribsNamespace": Object {},
                                    "x-attribsPrefix": Object {},
                                  },
                                  "type": "tag",
                                  "x-attribsNamespace": Object {},
                                  "x-attribsPrefix": Object {},
                                },
                                "type": "tag",
                                "x-attribsNamespace": Object {},
                                "x-attribsPrefix": Object {},
                              },
                              Object {
                                "attribs": Object {},
                                "children": Array [],
                                "name": "li",
                                "namespace": "http://www.w3.org/1999/xhtml",
                                "next": Object {
                                  "attribs": Object {},
                                  "children": Array [],
                                  "name": "li",
                                  "namespace": "http://www.w3.org/1999/xhtml",
                                  "next": Object {
                                    "attribs": Object {
                                      "style": "width:61%",
                                    },
                                    "children": Array [],
                                    "name": "li",
                                    "namespace": "http://www.w3.org/1999/xhtml",
                                    "next": null,
                                    "parent": [Circular],
                                    "prev": [Circular],
                                    "type": "tag",
                                    "x-attribsNamespace": Object {
                                      "style": undefined,
                                    },
                                    "x-attribsPrefix": Object {
                                      "style": undefined,
                                    },
                                  },
                                  "parent": [Circular],
                                  "prev": [Circular],
                                  "type": "tag",
                                  "x-attribsNamespace": Object {},
                                  "x-attribsPrefix": Object {},
                                },
                                "parent": [Circular],
                                "prev": Object {
                                  "attribs": Object {},
                                  "children": Array [],
                                  "name": "li",
                                  "namespace": "http://www.w3.org/1999/xhtml",
                                  "next": [Circular],
                                  "parent": [Circular],
                                  "prev": Object {
                                    "attribs": Object {},
                                    "children": Array [],
                                    "name": "li",
                                    "namespace": "http://www.w3.org/1999/xhtml",
                                    "next": [Circular],
                                    "parent": [Circular],
                                    "prev": Object {
                                      "attribs": Object {},
                                      "children": Array [],
                                      "name": "li",
                                      "namespace": "http://www.w3.org/1999/xhtml",
                                      "next": [Circular],
                                      "parent": [Circular],
                                      "prev": null,
                                      "type": "tag",
                                      "x-attribsNamespace": Object {},
                                      "x-attribsPrefix": Object {},
                                    },
                                    "type": "tag",
                                    "x-attribsNamespace": Object {},
                                    "x-attribsPrefix": Object {},
                                  },
                                  "type": "tag",
                                  "x-attribsNamespace": Object {},
                                  "x-attribsPrefix": Object {},
                                },
                                "type": "tag",
                                "x-attribsNamespace": Object {},
                                "x-attribsPrefix": Object {},
                              },
                              Object {
                                "attribs": Object {},
                                "children": Array [],
                                "name": "li",
                                "namespace": "http://www.w3.org/1999/xhtml",
                                "next": Object {
                                  "attribs": Object {
                                    "style": "width:61%",
                                  },
                                  "children": Array [],
                                  "name": "li",
                                  "namespace": "http://www.w3.org/1999/xhtml",
                                  "next": null,
                                  "parent": [Circular],
                                  "prev": [Circular],
                                  "type": "tag",
                                  "x-attribsNamespace": Object {
                                    "style": undefined,
                                  },
                                  "x-attribsPrefix": Object {
                                    "style": undefined,
                                  },
                                },
                                "parent": [Circular],
                                "prev": Object {
                                  "attribs": Object {},
                                  "children": Array [],
                                  "name": "li",
                                  "namespace": "http://www.w3.org/1999/xhtml",
                                  "next": [Circular],
                                  "parent": [Circular],
                                  "prev": Object {
                                    "attribs": Object {},
                                    "children": Array [],
                                    "name": "li",
                                    "namespace": "http://www.w3.org/1999/xhtml",
                                    "next": [Circular],
                                    "parent": [Circular],
                                    "prev": Object {
                                      "attribs": Object {},
                                      "children": Array [],
                                      "name": "li",
                                      "namespace": "http://www.w3.org/1999/xhtml",
                                      "next": [Circular],
                                      "parent": [Circular],
                                      "prev": Object {
                                        "attribs": Object {},
                                        "children": Array [],
                                        "name": "li",
                                        "namespace": "http://www.w3.org/1999/xhtml",
                                        "next": [Circular],
                                        "parent": [Circular],
                                        "prev": null,
                                        "type": "tag",
                                        "x-attribsNamespace": Object {},
                                        "x-attribsPrefix": Object {},
                                      },
                                      "type": "tag",
                                      "x-attribsNamespace": Object {},
                                      "x-attribsPrefix": Object {},
                                    },
                                    "type": "tag",
                                    "x-attribsNamespace": Object {},
                                    "x-attribsPrefix": Object {},
                                  },
                                  "type": "tag",
                                  "x-attribsNamespace": Object {},
                                  "x-attribsPrefix": Object {},
                                },
                                "type": "tag",
                                "x-attribsNamespace": Object {},
                                "x-attribsPrefix": Object {},
                              },
                              Object {
                                "attribs": Object {
                                  "style": "width:61%",
                                },
                                "children": Array [],
                                "name": "li",
                                "namespace": "http://www.w3.org/1999/xhtml",
                                "next": null,
                                "parent": [Circular],
                                "prev": Object {
                                  "attribs": Object {},
                                  "children": Array [],
                                  "name": "li",
                                  "namespace": "http://www.w3.org/1999/xhtml",
                                  "next": [Circular],
                                  "parent": [Circular],
                                  "prev": Object {
                                    "attribs": Object {},
                                    "children": Array [],
                                    "name": "li",
                                    "namespace": "http://www.w3.org/1999/xhtml",
                                    "next": [Circular],
                                    "parent": [Circular],
                                    "prev": Object {
                                      "attribs": Object {},
                                      "children": Array [],
                                      "name": "li",
                                      "namespace": "http://www.w3.org/1999/xhtml",
                                      "next": [Circular],
                                      "parent": [Circular],
                                      "prev": Object {
                                        "attribs": Object {},
                                        "children": Array [],
                                        "name": "li",
                                        "namespace": "http://www.w3.org/1999/xhtml",
                                        "next": [Circular],
                                        "parent": [Circular],
                                        "prev": Object {
                                          "attribs": Object {},
                                          "children": Array [],
                                          "name": "li",
                                          "namespace": "http://www.w3.org/1999/xhtml",
                                          "next": [Circular],
                                          "parent": [Circular],
                                          "prev": null,
                                          "type": "tag",
                                          "x-attribsNamespace": Object {},
                                          "x-attribsPrefix": Object {},
                                        },
                                        "type": "tag",
                                        "x-attribsNamespace": Object {},
                                        "x-attribsPrefix": Object {},
                                      },
                                      "type": "tag",
                                      "x-attribsNamespace": Object {},
                                      "x-attribsPrefix": Object {},
                                    },
                                    "type": "tag",
                                    "x-attribsNamespace": Object {},
                                    "x-attribsPrefix": Object {},
                                  },
                                  "type": "tag",
                                  "x-attribsNamespace": Object {},
                                  "x-attribsPrefix": Object {},
                                },
                                "type": "tag",
                                "x-attribsNamespace": Object {
                                  "style": undefined,
                                },
                                "x-attribsPrefix": Object {
                                  "style": undefined,
                                },
                              },
                            ],
                            "name": "ul",
                            "namespace": "http://www.w3.org/1999/xhtml",
                            "next": null,
                            "parent": [Circular],
                            "prev": Object {
                              "attribs": Object {
                                "class": "ant-skeleton-title",
                                "style": "width:38%",
                              },
                              "children": Array [],
                              "name": "h3",
                              "namespace": "http://www.w3.org/1999/xhtml",
                              "next": [Circular],
                              "parent": [Circular],
                              "prev": null,
                              "type": "tag",
                              "x-attribsNamespace": Object {
                                "class": undefined,
                                "style": undefined,
                              },
                              "x-attribsPrefix": Object {
                                "class": undefined,
                                "style": undefined,
                              },
                            },
                            "type": "tag",
                            "x-attribsNamespace": Object {
                              "class": undefined,
                            },
                            "x-attribsPrefix": Object {
                              "class": undefined,
                            },
                          },
                        ],
                        "name": "div",
                        "namespace": "http://www.w3.org/1999/xhtml",
                        "next": null,
                        "parent": [Circular],
                        "prev": null,
                        "type": "tag",
                        "x-attribsNamespace": Object {
                          "class": undefined,
                        },
                        "x-attribsPrefix": Object {
                          "class": undefined,
                        },
                      },
                    ],
                    "name": "div",
                    "namespace": "http://www.w3.org/1999/xhtml",
                    "next": null,
                    "parent": [Circular],
                    "prev": null,
                    "type": "tag",
                    "x-attribsNamespace": Object {
                      "class": undefined,
                    },
                    "x-attribsPrefix": Object {
                      "class": undefined,
                    },
                  },
                ],
                "name": "div",
                "namespace": "http://www.w3.org/1999/xhtml",
                "next": null,
                "parent": [Circular],
                "prev": null,
                "type": "tag",
                "x-attribsNamespace": Object {
                  "class": undefined,
                },
                "x-attribsPrefix": Object {
                  "class": undefined,
                },
              },
            ],
            "name": "div",
            "namespace": "http://www.w3.org/1999/xhtml",
            "next": null,
            "parent": [Circular],
            "prev": null,
            "type": "tag",
            "x-attribsNamespace": Object {
              "class": undefined,
            },
            "x-attribsPrefix": Object {
              "class": undefined,
            },
          },
        ],
        "name": "div",
        "namespace": "http://www.w3.org/1999/xhtml",
        "next": null,
        "parent": [Circular],
        "prev": null,
        "type": "tag",
        "x-attribsNamespace": Object {
          "class": undefined,
        },
        "x-attribsPrefix": Object {
          "class": undefined,
        },
      },
    ],
    "name": "main",
    "namespace": "http://www.w3.org/1999/xhtml",
    "next": null,
    "parent": null,
    "prev": null,
    "root": Object {
      "attribs": Object {},
      "children": Array [
        [Circular],
      ],
      "name": "root",
      "namespace": "http://www.w3.org/1999/xhtml",
      "next": null,
      "parent": null,
      "prev": null,
      "type": "root",
      "x-attribsNamespace": Object {},
      "x-attribsPrefix": Object {},
    },
    "type": "tag",
    "x-attribsNamespace": Object {
      "class": undefined,
    },
    "x-attribsPrefix": Object {
      "class": undefined,
    },
  },
  "_root": [Circular],
  "length": 1,
  "options": Object {
    "decodeEntities": true,
    "normalizeWhitespace": false,
    "withDomLvl1": true,
    "xml": false,
  },
}
`;
